// Jest Snapshot v1, https://goo.gl/fbAQLP

exports[`<Main /> should render the heading 1`] = `
<main
  class="styles__Wrapper-sc-18tj86z-0 eyPVIf"
>
  <img
    alt="Imagem de um átomo React Avançado escrito ao lado."
    class="styles__Logo-sc-18tj86z-1 kcognk"
    src="/img/logo.svg"
  />
  <h1
    class="styles__Title-sc-18tj86z-2 buNrEy"
  >
    React Avançado
  </h1>
  <h2
    class="styles__Description-sc-18tj86z-3 eUEOvo"
  >
    TypeScript, ReactJS, NextJS e Styled Components
  </h2>
  <img
    alt="Desenvolvedor sentado de frente para uma tela com código."
    class="styles__Illustration-sc-18tj86z-4 gOxUtQ"
    src="/img/hero-illustration.svg"
  />
</main>
`;
